../Core/Src/main.c:77:5:_write	32	static
../Core/Src/main.c:86:6:HAL_I2C_MemRxCpltCallback	16	static
../Core/Src/main.c:106:5:main	8	static
../Core/Src/main.c:189:6:SystemClock_Config	88	static
../Core/Src/main.c:237:13:MX_I2C1_Init	8	static
../Core/Src/main.c:271:13:MX_USART2_UART_Init	8	static
../Core/Src/main.c:302:13:MX_DMA_Init	16	static
../Core/Src/main.c:323:13:MX_GPIO_Init	48	static
../Core/Src/main.c:368:6:calculate	32	static
../Core/Src/main.c:428:6:HAL_TIM_PeriodElapsedCallback	16	static
../Core/Src/main.c:446:6:Error_Handler	4	static,ignoring_inline_asm
