../Core/Src/main.c:87:5:_write	32	static
../Core/Src/main.c:96:6:HAL_I2C_MemRxCpltCallback	24	static
../Core/Src/main.c:123:5:main	8	static
../Core/Src/main.c:210:6:SystemClock_Config	88	static
../Core/Src/main.c:258:13:MX_I2C1_Init	8	static
../Core/Src/main.c:292:13:MX_USART2_UART_Init	8	static
../Core/Src/main.c:323:13:MX_DMA_Init	16	static
../Core/Src/main.c:344:13:MX_GPIO_Init	48	static
../Core/Src/main.c:389:6:calculate	56	static
../Core/Src/main.c:462:6:HAL_TIM_PeriodElapsedCallback	16	static
../Core/Src/main.c:480:6:Error_Handler	4	static,ignoring_inline_asm
