16:16:21 **** Incremental Build of configuration Debug for project BMX160_IMU_Sensor ****
make -j18 all 
arm-none-eabi-gcc "../Core/Src/main.c" -mcpu=cortex-m4 -std=gnu11 -g3 -DDEBUG -DUSE_HAL_DRIVER -DSTM32F410Rx -c -I../Core/Inc -I../Drivers/STM32F4xx_HAL_Driver/Inc -I../Drivers/STM32F4xx_HAL_Driver/Inc/Legacy -I../Drivers/CMSIS/Device/ST/STM32F4xx/Include -I../Drivers/CMSIS/Include -I../BMX160 -O0 -ffunction-sections -fdata-sections -Wall -fstack-usage -fcyclomatic-complexity -MMD -MP -MF"Core/Src/main.d" -MT"Core/Src/main.o" --specs=nano.specs -mfpu=fpv4-sp-d16 -mfloat-abi=hard -mthumb -o "Core/Src/main.o"
arm-none-eabi-gcc -o "BMX160_IMU_Sensor.elf" @"objects.list"   -mcpu=cortex-m4 -T"/home/fardin/Desktop/Coding/ReRo-SensorManager-STM32/BMX160_IMU_Sensor/STM32F410RBTX_FLASH.ld" --specs=nosys.specs -Wl,-Map="BMX160_IMU_Sensor.map" -Wl,--gc-sections -static --specs=nano.specs -mfpu=fpv4-sp-d16 -mfloat-abi=hard -mthumb -Wl,--start-group -lc -lm -Wl,--end-group
Finished building target: BMX160_IMU_Sensor.elf
 
arm-none-eabi-size  BMX160_IMU_Sensor.elf 
arm-none-eabi-objdump -h -S BMX160_IMU_Sensor.elf  > "BMX160_IMU_Sensor.list"
   text	   data	    bss	    dec	    hex	filename
  17876	    104	   2064	  20044	   4e4c	BMX160_IMU_Sensor.elf
Finished building: default.size.stdout
 
Finished building: BMX160_IMU_Sensor.list
 

16:16:21 Build Finished. 0 errors, 0 warnings. (took 234ms)

